// Jest Snapshot v1, https://goo.gl/fbAQLP

exports[`Static component Spinner.vue renders correctly 1`] = `
<svg
  class="spinner"
  height="50px"
  viewBox="0 0 50 50"
  width="50px"
>
  <circle
    class="path"
    cx="22"
    cy="22"
    fill="none"
    r="20"
    stroke-width="4"
    strokelinecap="
round"
  />
</svg>
`;
